2026-09-28 11:10:18,386 [INFO] - Initializing database...
2026-09-28 11:14:16,730 [INFO] - Initializing database...
2026-09-28 11:14:16,755 [INFO] - Database initialized successfully.
2026-09-28 11:14:16,769 [INFO] - Pure Python EIRRS Server listening on http://localhost:5000/ ...
2026-09-28 11:15:31,472 [INFO] - Shutting down server.
2026-09-28 11:15:44,291 [INFO] - Initializing database...
2026-09-28 11:15:44,295 [INFO] - Database initialized successfully.
2026-09-28 11:15:44,306 [INFO] - Pure Python EIRRS Server listening on http://localhost:5000/ ...
2026-09-28 11:25:57,682 [INFO] - Shutting down server.
2026-09-28 12:25:40,856 [INFO] - Initializing database...
2026-09-28 12:25:40,858 [INFO] - Database initialized successfully.
2026-09-28 12:25:40,876 [INFO] - EIRRS Server running at http://localhost:5000/ ...
2026-09-28 12:26:09,697 [INFO] - Stopping server.
2026-09-28 12:26:14,128 [INFO] - Initializing database...
2026-09-28 12:26:14,135 [INFO] - Database initialized successfully.
2026-09-28 12:26:14,153 [INFO] - EIRRS Server running at http://localhost:5000/ ...
2026-09-29 17:24:47,150 [INFO] - Initializing SQLite database...
2026-09-29 17:24:47,171 [INFO] - Database initialized successfully with default administrator.
2026-09-29 17:24:47,191 [INFO] - EIRRS Server running at http://localhost:5000/ ...
2026-09-29 17:26:06,601 [INFO] - Initializing SQLite database...
2026-09-29 17:26:06,604 [INFO] - Database initialized successfully with default administrator.
2026-09-29 17:26:06,616 [INFO] - EIRRS Server running at http://localhost:5000/ ...
2026-09-29 17:36:58,021 [INFO] - Stopping server.
2026-09-29 17:37:12,761 [INFO] - Initializing SQLite database...
2026-09-29 17:37:12,762 [INFO] - Database initialized successfully. Default Admin: admin@eirrs.gov.ng
2026-09-29 17:37:12,773 [INFO] - EIRRS Server running securely at http://localhost:5000/ ...
2026-09-29 17:37:12,773 [INFO] - Press Ctrl+C to stop the server.
2026-09-29 17:38:04,442 [INFO] - Stopping server.
2026-09-29 17:53:00,175 [INFO] - Initializing SQLite database...
2026-09-29 17:53:00,177 [INFO] - Database initialized successfully. Default Admin: admin@eirrs.gov.ng
2026-09-29 17:53:00,189 [INFO] - EIRRS Server running securely at http://localhost:5000/ ...
2026-09-29 17:53:00,189 [INFO] - Press Ctrl+C to stop the server.
2026-09-29 18:45:19,784 [INFO] - Stopping server.
2026-09-29 18:45:25,163 [INFO] - Initializing SQLite database...
2026-09-29 18:45:25,166 [INFO] - Database initialized successfully. Default Admin: admin@eirrs.gov.ng
2026-09-29 18:45:25,181 [INFO] - EIRRS Server running securely at http://localhost:5000/ ...
2026-09-29 18:45:25,181 [INFO] - Press Ctrl+C to stop the server.
2026-09-29 19:45:33,474 [INFO] - Stopping server.
2026-09-29 19:45:38,666 [INFO] - Initializing SQLite database...
2026-09-29 19:45:38,669 [INFO] - Database initialized successfully. Default Admin: admin@eirrs.gov.ng
2026-09-29 19:45:38,702 [INFO] - EIRRS Server running securely at http://localhost:5000/ ...
2026-09-29 19:45:38,702 [INFO] - Press Ctrl+C to stop the server.
2026-09-29 19:57:46,075 [INFO] - Initializing SQLite database...
2026-09-29 19:57:46,076 [INFO] - Database initialized successfully. Default Admin: admin@eirrs.gov.ng
2026-09-29 19:57:46,088 [INFO] - EIRRS Server running securely at http://localhost:5000/ ...
2026-09-29 19:57:46,088 [INFO] - Press Ctrl+C to stop the server.
2026-09-30 09:43:22,178 [INFO] - Initializing SQLite database...
2026-09-30 09:43:22,180 [INFO] - Database initialized successfully. Default Admin: admin@eirrs.gov.ng
2026-09-30 09:43:22,197 [INFO] - EIRRS Server running securely at http://localhost:5000/ ...
2026-09-30 09:43:22,197 [INFO] - Press Ctrl+C to stop the server.
2026-09-30 09:48:20,056 [ERROR] - GET Error on /index.html: [WinError 10053] An established connection was aborted by the software in your host machine
2026-09-30 09:48:20,080 [ERROR] - Error sending JSON response: [WinError 10053] An established connection was aborted by the software in your host machine
2026-09-30 09:50:11,393 [INFO] - Stopping server.
2026-09-30 10:13:21,353 [INFO] - Initializing SQLite database...
2026-09-30 10:13:21,356 [INFO] - Database initialized successfully. Default Admin: admin@eirrs.gov.ng
2026-09-30 10:13:21,369 [INFO] - EIRRS Server running securely at http://localhost:5000/ ...
2026-09-30 10:13:21,370 [INFO] - Press Ctrl+C to stop the server.
2026-09-30 10:13:24,405 [INFO] - Stopping server.
2026-09-30 10:13:28,342 [INFO] - Initializing SQLite database...
2026-09-30 10:13:28,344 [INFO] - Database initialized successfully. Default Admin: admin@eirrs.gov.ng
2026-09-30 10:13:28,356 [INFO] - EIRRS Server running securely at http://localhost:5000/ ...
2026-09-30 10:13:28,356 [INFO] - Press Ctrl+C to stop the server.
2026-09-30 10:25:50,215 [INFO] - Stopping server.
2026-09-30 10:51:35,434 [INFO] - Initializing SQLite database...
2026-09-30 10:51:35,438 [INFO] - Database initialized successfully. Default Admin: admin@eirrs.gov.ng
2026-09-30 10:51:35,451 [INFO] - EIRRS Server running securely at http://localhost:5000/ ...
2026-09-30 10:51:35,452 [INFO] - Press Ctrl+C to stop the server.
2026-09-30 10:51:40,019 [INFO] - Stopping server.
2026-09-30 10:51:44,021 [INFO] - Initializing SQLite database...
2026-09-30 10:51:44,027 [INFO] - Database initialized successfully. Default Admin: admin@eirrs.gov.ng
2026-09-30 10:51:44,042 [INFO] - EIRRS Server running securely at http://localhost:5000/ ...
2026-09-30 10:51:44,042 [INFO] - Press Ctrl+C to stop the server.
2026-09-30 11:24:56,134 [INFO] - Stopping server.
2026-09-30 11:25:05,057 [INFO] - Initializing SQLite database...
2026-09-30 11:25:05,060 [INFO] - Database initialized successfully. Default Admin: admin@eirrs.gov.ng
2026-09-30 11:25:05,094 [INFO] - EIRRS Server running securely at http://localhost:5000/ ...
2026-09-30 11:25:05,094 [INFO] - Press Ctrl+C to stop the server.
2026-09-30 12:22:22,643 [ERROR] - GET Error on /api/reports/chart: All wedge sizes are zero
2026-09-30 13:03:31,731 [INFO] - Stopping server.
2026-09-30 13:09:48,634 [INFO] - Initializing SQLite database...
2026-09-30 13:09:48,636 [INFO] - Database initialized successfully. Default Admin: admin@eirrs.gov.ng
2026-09-30 13:09:48,654 [INFO] - EIRRS Server running securely at http://localhost:5000/ ...
2026-09-30 13:09:48,654 [INFO] - Press Ctrl+C to stop the server.
2026-09-30 13:09:56,238 [INFO] - Stopping server.
2026-10-01 11:09:20,113 [INFO] - Initializing SQLite database...
2026-10-01 11:09:20,121 [INFO] - Database initialized successfully. Default Admin: admin@eirrs.gov.ng
2026-10-01 11:09:20,135 [INFO] - EIRRS Server running securely at http://localhost:5000/ ...
2026-10-01 11:09:20,135 [INFO] - Press Ctrl+C to stop the server.
2026-10-01 11:43:26,077 [INFO] - Stopping server.
2026-10-01 11:48:29,845 [INFO] - Initializing database schema...
2026-10-01 11:48:29,847 [INFO] - Database initialized. Default Admin: admin@eirrs.gov.ng / admin123
2026-10-01 11:48:29,861 [INFO] - EIRRS Server running securely at http://localhost:5000/
2026-10-01 12:20:13,649 [INFO] - Graceful shutdown.
2026-10-01 13:28:57,795 [INFO] - Initializing database schema...
2026-10-01 13:28:57,801 [INFO] - Database initialized. Default Admin: admin@eirrs.gov.ng / admin123
2026-10-01 13:28:57,819 [INFO] - EIRRS Server running securely at http://localhost:5000/
2026-10-01 13:28:59,849 [INFO] - Graceful shutdown.
2026-10-01 13:29:06,170 [INFO] - Initializing database schema...
2026-10-01 13:29:06,172 [INFO] - Database initialized. Default Admin: admin@eirrs.gov.ng / admin123
2026-10-01 13:29:06,184 [INFO] - EIRRS Server running securely at http://localhost:5000/
